current directory: /Users/ayaalsabahi/Documents/projects/mywebsite/ayaalsabahi.github.io/vendor/bundle/ruby/3.2.0/gems/http_parser.rb-0.8.0/ext/ruby_http_parser
/Users/ayaalsabahi/.rbenv/versions/3.2.2/bin/ruby extconf.rb
creating Makefile

current directory: /Users/ayaalsabahi/Documents/projects/mywebsite/ayaalsabahi.github.io/vendor/bundle/ruby/3.2.0/gems/http_parser.rb-0.8.0/ext/ruby_http_parser
make DESTDIR\= sitearchdir\=./.gem.20260529-43770-5cbvy sitelibdir\=./.gem.20260529-43770-5cbvy clean

current directory: /Users/ayaalsabahi/Documents/projects/mywebsite/ayaalsabahi.github.io/vendor/bundle/ruby/3.2.0/gems/http_parser.rb-0.8.0/ext/ruby_http_parser
make DESTDIR\= sitearchdir\=./.gem.20260529-43770-5cbvy sitelibdir\=./.gem.20260529-43770-5cbvy
compiling ruby_http_parser.c
ruby_http_parser.c:365:17: warning: comparison of integers of different signs: 'size_t' (aka 'unsigned long') and 'long' [-Wsign-compare]
  365 |     if (nparsed < len)
      |         ~~~~~~~ ^ ~~~
1 warning generated.
compiling ryah_http_parser.c
linking shared-object ruby_http_parser.bundle
ld: warning: ignoring duplicate libraries: '-lruby.3.2'

current directory: /Users/ayaalsabahi/Documents/projects/mywebsite/ayaalsabahi.github.io/vendor/bundle/ruby/3.2.0/gems/http_parser.rb-0.8.0/ext/ruby_http_parser
make DESTDIR\= sitearchdir\=./.gem.20260529-43770-5cbvy sitelibdir\=./.gem.20260529-43770-5cbvy install
/opt/homebrew/bin/ginstall -c -m 0755 ruby_http_parser.bundle ./.gem.20260529-43770-5cbvy

current directory: /Users/ayaalsabahi/Documents/projects/mywebsite/ayaalsabahi.github.io/vendor/bundle/ruby/3.2.0/gems/http_parser.rb-0.8.0/ext/ruby_http_parser
make DESTDIR\= sitearchdir\=./.gem.20260529-43770-5cbvy sitelibdir\=./.gem.20260529-43770-5cbvy clean
